15:02:51 **** Incremental Build of configuration Debug for project 001_firstDriver ****
make -j8 all 
arm-none-eabi-gcc "../Src/main.c" -mcpu=cortex-m4 -std=gnu11 -g3 -DDEBUG -DSTM32 -DSTM32F407G_DISC1 -DSTM32F4 -DSTM32F407VGTx -c -I../Inc -I"D:/EmbeddedDrivers/001_firstDriver/myDrivers/Inc" -O0 -ffunction-sections -fdata-sections -Wall -fstack-usage -MMD -MP -MF"Src/main.d" -MT"Src/main.o" --specs=nano.specs -mfloat-abi=soft -mthumb -o "Src/main.o"
arm-none-eabi-gcc -o "001_firstDriver.elf" @"objects.list"   -mcpu=cortex-m4 -T"D:\EmbeddedDrivers\001_firstDriver\STM32F407VGTX_FLASH.ld" --specs=nosys.specs -Wl,-Map="001_firstDriver.map" -Wl,--gc-sections -static --specs=nano.specs -mfloat-abi=soft -mthumb -Wl,--start-group -lc -lm -Wl,--end-group
Finished building target: 001_firstDriver.elf
 
arm-none-eabi-size   001_firstDriver.elf 
arm-none-eabi-objdump -h -S  001_firstDriver.elf  > "001_firstDriver.list"
   text	   data	    bss	    dec	    hex	filename
   1400	      8	   1568	   2976	    ba0	001_firstDriver.elf
Finished building: default.size.stdout
 
Finished building: 001_firstDriver.list
 

15:02:51 Build Finished. 0 errors, 0 warnings. (took 518ms)

